tidigits/disc_4.1.1/tidigits/train/woman/jc/z9z7818a.wav
tidigits/disc_4.1.1/tidigits/train/woman/jc/4b.wav
tidigits/disc_4.1.1/tidigits/train/woman/jc/91zz237a.wav
tidigits/disc_4.1.1/tidigits/train/woman/jc/7b.wav
tidigits/disc_4.1.1/tidigits/train/woman/jc/oo328a.wav
tidigits/disc_4.1.1/tidigits/train/woman/jc/6599a.wav
tidigits/disc_4.1.1/tidigits/train/woman/jc/74oa.wav
tidigits/disc_4.1.1/tidigits/train/woman/jc/3b.wav
tidigits/disc_4.1.1/tidigits/train/woman/jc/9489z39a.wav
tidigits/disc_4.1.1/tidigits/train/woman/jc/z4a.wav
tidigits/disc_4.1.1/tidigits/train/woman/jc/99oo1a.wav
tidigits/disc_4.1.1/tidigits/train/woman/jc/zz6a.wav
tidigits/disc_4.1.1/tidigits/train/woman/jc/57a.wav
tidigits/disc_4.1.1/tidigits/train/woman/jc/1a.wav
tidigits/disc_4.1.1/tidigits/train/woman/jc/2a.wav
tidigits/disc_4.1.1/tidigits/train/woman/jc/1155a.wav
tidigits/disc_4.1.1/tidigits/train/woman/jc/2652z73a.wav
tidigits/disc_4.1.1/tidigits/train/woman/jc/47a.wav
tidigits/disc_4.1.1/tidigits/train/woman/jc/1b.wav
tidigits/disc_4.1.1/tidigits/train/woman/jc/16a.wav
tidigits/disc_4.1.1/tidigits/train/woman/jc/2153a.wav
tidigits/disc_4.1.1/tidigits/train/woman/jc/8a.wav
tidigits/disc_4.1.1/tidigits/train/woman/jc/4286a.wav
tidigits/disc_4.1.1/tidigits/train/woman/jc/8z2za.wav
tidigits/disc_4.1.1/tidigits/train/woman/jc/1za.wav
tidigits/disc_4.1.1/tidigits/train/woman/jc/6a.wav
tidigits/disc_4.1.1/tidigits/train/woman/jc/849a.wav
tidigits/disc_4.1.1/tidigits/train/woman/jc/6o4a.wav
tidigits/disc_4.1.1/tidigits/train/woman/jc/7z835a.wav
tidigits/disc_4.1.1/tidigits/train/woman/jc/zb.wav
tidigits/disc_4.1.1/tidigits/train/woman/jc/17z3za.wav
tidigits/disc_4.1.1/tidigits/train/woman/jc/36a.wav
tidigits/disc_4.1.1/tidigits/train/woman/jc/oa.wav
tidigits/disc_4.1.1/tidigits/train/woman/jc/433a.wav
tidigits/disc_4.1.1/tidigits/train/woman/jc/5632a.wav
tidigits/disc_4.1.1/tidigits/train/woman/jc/za.wav
tidigits/disc_4.1.1/tidigits/train/woman/jc/9a.wav
tidigits/disc_4.1.1/tidigits/train/woman/jc/o55a.wav
tidigits/disc_4.1.1/tidigits/train/woman/jc/5a.wav
tidigits/disc_4.1.1/tidigits/train/woman/jc/9827717a.wav
tidigits/disc_4.1.1/tidigits/train/woman/jc/4a.wav
tidigits/disc_4.1.1/tidigits/train/woman/jc/38a.wav
tidigits/disc_4.1.1/tidigits/train/woman/jc/o5o6146a.wav
tidigits/disc_4.1.1/tidigits/train/woman/jc/12936a.wav
tidigits/disc_4.1.1/tidigits/train/woman/jc/3za.wav
tidigits/disc_4.1.1/tidigits/train/woman/jc/z834a.wav
tidigits/disc_4.1.1/tidigits/train/woman/jc/25827a.wav
tidigits/disc_4.1.1/tidigits/train/woman/jc/5b.wav
tidigits/disc_4.1.1/tidigits/train/woman/jc/3524a.wav
tidigits/disc_4.1.1/tidigits/train/woman/jc/41237a.wav
tidigits/disc_4.1.1/tidigits/train/woman/jc/267oo49a.wav
tidigits/disc_4.1.1/tidigits/train/woman/jc/644a.wav
tidigits/disc_4.1.1/tidigits/train/woman/jc/7o395o8a.wav
tidigits/disc_4.1.1/tidigits/train/woman/jc/313z1a.wav
tidigits/disc_4.1.1/tidigits/train/woman/jc/7a.wav
tidigits/disc_4.1.1/tidigits/train/woman/jc/8b.wav
tidigits/disc_4.1.1/tidigits/train/woman/jc/2148a.wav
tidigits/disc_4.1.1/tidigits/train/woman/jc/o1o93a.wav
tidigits/disc_4.1.1/tidigits/train/woman/jc/633a.wav
tidigits/disc_4.1.1/tidigits/train/woman/jc/2b.wav
tidigits/disc_4.1.1/tidigits/train/woman/jc/6858o96a.wav
tidigits/disc_4.1.1/tidigits/train/woman/jc/72z16a.wav
tidigits/disc_4.1.1/tidigits/train/woman/jc/7925a.wav
tidigits/disc_4.1.1/tidigits/train/woman/jc/z547a.wav
tidigits/disc_4.1.1/tidigits/train/woman/jc/o2a.wav
tidigits/disc_4.1.1/tidigits/train/woman/jc/88a.wav
tidigits/disc_4.1.1/tidigits/train/woman/jc/578a.wav
tidigits/disc_4.1.1/tidigits/train/woman/jc/594a.wav
tidigits/disc_4.1.1/tidigits/train/woman/jc/9751956a.wav
tidigits/disc_4.1.1/tidigits/train/woman/jc/5o2a.wav
tidigits/disc_4.1.1/tidigits/train/woman/jc/4691196a.wav
tidigits/disc_4.1.1/tidigits/train/woman/jc/9b.wav
tidigits/disc_4.1.1/tidigits/train/woman/jc/ob.wav
tidigits/disc_4.1.1/tidigits/train/woman/jc/6b.wav
tidigits/disc_4.1.1/tidigits/train/woman/jc/84a.wav
tidigits/disc_4.1.1/tidigits/train/woman/jc/86z44a.wav
tidigits/disc_4.1.1/tidigits/train/woman/jc/3a.wav
tidigits/disc_4.1.1/tidigits/train/woman/nh/o25864oa.wav
tidigits/disc_4.1.1/tidigits/train/woman/nh/4b.wav
tidigits/disc_4.1.1/tidigits/train/woman/nh/2o6612oa.wav
tidigits/disc_4.1.1/tidigits/train/woman/nh/7b.wav
tidigits/disc_4.1.1/tidigits/train/woman/nh/6oa.wav
tidigits/disc_4.1.1/tidigits/train/woman/nh/3798oa.wav
tidigits/disc_4.1.1/tidigits/train/woman/nh/3b.wav
tidigits/disc_4.1.1/tidigits/train/woman/nh/131a.wav
tidigits/disc_4.1.1/tidigits/train/woman/nh/33a.wav
tidigits/disc_4.1.1/tidigits/train/woman/nh/61a.wav
tidigits/disc_4.1.1/tidigits/train/woman/nh/7ooa.wav
tidigits/disc_4.1.1/tidigits/train/woman/nh/1a.wav
tidigits/disc_4.1.1/tidigits/train/woman/nh/2a.wav
tidigits/disc_4.1.1/tidigits/train/woman/nh/1b.wav
tidigits/disc_4.1.1/tidigits/train/woman/nh/4182875a.wav
tidigits/disc_4.1.1/tidigits/train/woman/nh/8a.wav
tidigits/disc_4.1.1/tidigits/train/woman/nh/8435a.wav
tidigits/disc_4.1.1/tidigits/train/woman/nh/6a.wav
tidigits/disc_4.1.1/tidigits/train/woman/nh/47z67a.wav
tidigits/disc_4.1.1/tidigits/train/woman/nh/5zza.wav
tidigits/disc_4.1.1/tidigits/train/woman/nh/26z245za.wav
tidigits/disc_4.1.1/tidigits/train/woman/nh/zb.wav
tidigits/disc_4.1.1/tidigits/train/woman/nh/97a.wav
tidigits/disc_4.1.1/tidigits/train/woman/nh/57667a.wav
tidigits/disc_4.1.1/tidigits/train/woman/nh/532a.wav
tidigits/disc_4.1.1/tidigits/train/woman/nh/36a.wav
tidigits/disc_4.1.1/tidigits/train/woman/nh/oa.wav
tidigits/disc_4.1.1/tidigits/train/woman/nh/6229a.wav
tidigits/disc_4.1.1/tidigits/train/woman/nh/426a.wav
tidigits/disc_4.1.1/tidigits/train/woman/nh/z573za.wav
tidigits/disc_4.1.1/tidigits/train/woman/nh/za.wav
tidigits/disc_4.1.1/tidigits/train/woman/nh/3oo1537a.wav
tidigits/disc_4.1.1/tidigits/train/woman/nh/9a.wav
tidigits/disc_4.1.1/tidigits/train/woman/nh/5a.wav
tidigits/disc_4.1.1/tidigits/train/woman/nh/74898a.wav
tidigits/disc_4.1.1/tidigits/train/woman/nh/69948ooa.wav
tidigits/disc_4.1.1/tidigits/train/woman/nh/4a.wav
tidigits/disc_4.1.1/tidigits/train/woman/nh/z9a.wav
tidigits/disc_4.1.1/tidigits/train/woman/nh/1393254a.wav
tidigits/disc_4.1.1/tidigits/train/woman/nh/8771a.wav
tidigits/disc_4.1.1/tidigits/train/woman/nh/143z923a.wav
tidigits/disc_4.1.1/tidigits/train/woman/nh/247a.wav
tidigits/disc_4.1.1/tidigits/train/woman/nh/63z4638a.wav
tidigits/disc_4.1.1/tidigits/train/woman/nh/2168a.wav
tidigits/disc_4.1.1/tidigits/train/woman/nh/4o5a.wav
tidigits/disc_4.1.1/tidigits/train/woman/nh/5b.wav
tidigits/disc_4.1.1/tidigits/train/woman/nh/584a.wav
tidigits/disc_4.1.1/tidigits/train/woman/nh/7a.wav
tidigits/disc_4.1.1/tidigits/train/woman/nh/8b.wav
tidigits/disc_4.1.1/tidigits/train/woman/nh/919o6a.wav
tidigits/disc_4.1.1/tidigits/train/woman/nh/17oa.wav
tidigits/disc_4.1.1/tidigits/train/woman/nh/z74a.wav
tidigits/disc_4.1.1/tidigits/train/woman/nh/z444zz8a.wav
tidigits/disc_4.1.1/tidigits/train/woman/nh/o2978a.wav
tidigits/disc_4.1.1/tidigits/train/woman/nh/o4964a.wav
tidigits/disc_4.1.1/tidigits/train/woman/nh/76593a.wav
tidigits/disc_4.1.1/tidigits/train/woman/nh/1788a.wav
tidigits/disc_4.1.1/tidigits/train/woman/nh/o5a.wav
tidigits/disc_4.1.1/tidigits/train/woman/nh/81a.wav
tidigits/disc_4.1.1/tidigits/train/woman/nh/77a.wav
tidigits/disc_4.1.1/tidigits/train/woman/nh/2b.wav
tidigits/disc_4.1.1/tidigits/train/woman/nh/7z1z36za.wav
tidigits/disc_4.1.1/tidigits/train/woman/nh/95a.wav
tidigits/disc_4.1.1/tidigits/train/woman/nh/41621a.wav
tidigits/disc_4.1.1/tidigits/train/woman/nh/9o83a.wav
tidigits/disc_4.1.1/tidigits/train/woman/nh/91556a.wav
tidigits/disc_4.1.1/tidigits/train/woman/nh/235a.wav
tidigits/disc_4.1.1/tidigits/train/woman/nh/39zza.wav
tidigits/disc_4.1.1/tidigits/train/woman/nh/9b.wav
tidigits/disc_4.1.1/tidigits/train/woman/nh/ob.wav
tidigits/disc_4.1.1/tidigits/train/woman/nh/889za.wav
tidigits/disc_4.1.1/tidigits/train/woman/nh/6b.wav
tidigits/disc_4.1.1/tidigits/train/woman/nh/z2z5a.wav
tidigits/disc_4.1.1/tidigits/train/woman/nh/51a.wav
tidigits/disc_4.1.1/tidigits/train/woman/nh/8311a.wav
tidigits/disc_4.1.1/tidigits/train/woman/nh/o45oa.wav
tidigits/disc_4.1.1/tidigits/train/woman/nh/3a.wav
tidigits/disc_4.1.1/tidigits/train/woman/ag/55z68z3a.wav
tidigits/disc_4.1.1/tidigits/train/woman/ag/4b.wav
tidigits/disc_4.1.1/tidigits/train/woman/ag/437ooa.wav
tidigits/disc_4.1.1/tidigits/train/woman/ag/7b.wav
tidigits/disc_4.1.1/tidigits/train/woman/ag/59a.wav
tidigits/disc_4.1.1/tidigits/train/woman/ag/9731925a.wav
tidigits/disc_4.1.1/tidigits/train/woman/ag/26a.wav
tidigits/disc_4.1.1/tidigits/train/woman/ag/8613a.wav
tidigits/disc_4.1.1/tidigits/train/woman/ag/z9485a.wav
tidigits/disc_4.1.1/tidigits/train/woman/ag/1736za.wav
tidigits/disc_4.1.1/tidigits/train/woman/ag/3b.wav
tidigits/disc_4.1.1/tidigits/train/woman/ag/81465o1a.wav
tidigits/disc_4.1.1/tidigits/train/woman/ag/33a.wav
tidigits/disc_4.1.1/tidigits/train/woman/ag/8875a.wav
tidigits/disc_4.1.1/tidigits/train/woman/ag/92a.wav
tidigits/disc_4.1.1/tidigits/train/woman/ag/96a.wav
tidigits/disc_4.1.1/tidigits/train/woman/ag/179o7a.wav
tidigits/disc_4.1.1/tidigits/train/woman/ag/z811a.wav
tidigits/disc_4.1.1/tidigits/train/woman/ag/1a.wav
tidigits/disc_4.1.1/tidigits/train/woman/ag/2a.wav
tidigits/disc_4.1.1/tidigits/train/woman/ag/7712719a.wav
tidigits/disc_4.1.1/tidigits/train/woman/ag/1b.wav
tidigits/disc_4.1.1/tidigits/train/woman/ag/o37a.wav
tidigits/disc_4.1.1/tidigits/train/woman/ag/824o958a.wav
tidigits/disc_4.1.1/tidigits/train/woman/ag/56a.wav
tidigits/disc_4.1.1/tidigits/train/woman/ag/8a.wav
tidigits/disc_4.1.1/tidigits/train/woman/ag/6a.wav
tidigits/disc_4.1.1/tidigits/train/woman/ag/9z7za.wav
tidigits/disc_4.1.1/tidigits/train/woman/ag/zb.wav
tidigits/disc_4.1.1/tidigits/train/woman/ag/633za.wav
tidigits/disc_4.1.1/tidigits/train/woman/ag/oa.wav
tidigits/disc_4.1.1/tidigits/train/woman/ag/31za.wav
tidigits/disc_4.1.1/tidigits/train/woman/ag/64122z1a.wav
tidigits/disc_4.1.1/tidigits/train/woman/ag/za.wav
tidigits/disc_4.1.1/tidigits/train/woman/ag/9a.wav
tidigits/disc_4.1.1/tidigits/train/woman/ag/5a.wav
tidigits/disc_4.1.1/tidigits/train/woman/ag/54a.wav
tidigits/disc_4.1.1/tidigits/train/woman/ag/779a.wav
tidigits/disc_4.1.1/tidigits/train/woman/ag/632o6a.wav
tidigits/disc_4.1.1/tidigits/train/woman/ag/75942a.wav
tidigits/disc_4.1.1/tidigits/train/woman/ag/4a.wav
tidigits/disc_4.1.1/tidigits/train/woman/ag/3zza.wav
tidigits/disc_4.1.1/tidigits/train/woman/ag/446a.wav
tidigits/disc_4.1.1/tidigits/train/woman/ag/251o4a.wav
tidigits/disc_4.1.1/tidigits/train/woman/ag/7z5a.wav
tidigits/disc_4.1.1/tidigits/train/woman/ag/4727a.wav
tidigits/disc_4.1.1/tidigits/train/woman/ag/1528a.wav
tidigits/disc_4.1.1/tidigits/train/woman/ag/o97a.wav
tidigits/disc_4.1.1/tidigits/train/woman/ag/8o53a.wav
tidigits/disc_4.1.1/tidigits/train/woman/ag/3528457a.wav
tidigits/disc_4.1.1/tidigits/train/woman/ag/5b.wav
tidigits/disc_4.1.1/tidigits/train/woman/ag/7a.wav
tidigits/disc_4.1.1/tidigits/train/woman/ag/8b.wav
tidigits/disc_4.1.1/tidigits/train/woman/ag/451a.wav
tidigits/disc_4.1.1/tidigits/train/woman/ag/76o35a.wav
tidigits/disc_4.1.1/tidigits/train/woman/ag/4zz6432a.wav
tidigits/disc_4.1.1/tidigits/train/woman/ag/z236a.wav
tidigits/disc_4.1.1/tidigits/train/woman/ag/2b.wav
tidigits/disc_4.1.1/tidigits/train/woman/ag/o8448a.wav
tidigits/disc_4.1.1/tidigits/train/woman/ag/95a.wav
tidigits/disc_4.1.1/tidigits/train/woman/ag/398349oa.wav
tidigits/disc_4.1.1/tidigits/train/woman/ag/14a.wav
tidigits/disc_4.1.1/tidigits/train/woman/ag/2oo1o83a.wav
tidigits/disc_4.1.1/tidigits/train/woman/ag/213ooa.wav
tidigits/disc_4.1.1/tidigits/train/woman/ag/o6169a.wav
tidigits/disc_4.1.1/tidigits/train/woman/ag/ooa.wav
tidigits/disc_4.1.1/tidigits/train/woman/ag/9b.wav
tidigits/disc_4.1.1/tidigits/train/woman/ag/6547a.wav
tidigits/disc_4.1.1/tidigits/train/woman/ag/ob.wav
tidigits/disc_4.1.1/tidigits/train/woman/ag/z96a.wav
tidigits/disc_4.1.1/tidigits/train/woman/ag/6b.wav
tidigits/disc_4.1.1/tidigits/train/woman/ag/58a.wav
tidigits/disc_4.1.1/tidigits/train/woman/ag/1o2a.wav
tidigits/disc_4.1.1/tidigits/train/woman/ag/67o4a.wav
tidigits/disc_4.1.1/tidigits/train/woman/ag/24oa.wav
tidigits/disc_4.1.1/tidigits/train/woman/ag/3a.wav
tidigits/disc_4.1.1/tidigits/train/woman/rr/97z8332a.wav
tidigits/disc_4.1.1/tidigits/train/woman/rr/z9819a.wav
tidigits/disc_4.1.1/tidigits/train/woman/rr/23za.wav
tidigits/disc_4.1.1/tidigits/train/woman/rr/4b.wav
tidigits/disc_4.1.1/tidigits/train/woman/rr/7b.wav
tidigits/disc_4.1.1/tidigits/train/woman/rr/241oo95a.wav
tidigits/disc_4.1.1/tidigits/train/woman/rr/z5768a.wav
tidigits/disc_4.1.1/tidigits/train/woman/rr/6oa.wav
tidigits/disc_4.1.1/tidigits/train/woman/rr/3b.wav
tidigits/disc_4.1.1/tidigits/train/woman/rr/99za.wav
tidigits/disc_4.1.1/tidigits/train/woman/rr/561z199a.wav
tidigits/disc_4.1.1/tidigits/train/woman/rr/18o4a.wav
tidigits/disc_4.1.1/tidigits/train/woman/rr/65a.wav
tidigits/disc_4.1.1/tidigits/train/woman/rr/1a.wav
tidigits/disc_4.1.1/tidigits/train/woman/rr/15a.wav
tidigits/disc_4.1.1/tidigits/train/woman/rr/2a.wav
tidigits/disc_4.1.1/tidigits/train/woman/rr/1b.wav
tidigits/disc_4.1.1/tidigits/train/woman/rr/71a.wav
tidigits/disc_4.1.1/tidigits/train/woman/rr/8a.wav
tidigits/disc_4.1.1/tidigits/train/woman/rr/8zz7691a.wav
tidigits/disc_4.1.1/tidigits/train/woman/rr/6a.wav
tidigits/disc_4.1.1/tidigits/train/woman/rr/zb.wav
tidigits/disc_4.1.1/tidigits/train/woman/rr/oa.wav
tidigits/disc_4.1.1/tidigits/train/woman/rr/63o34a.wav
tidigits/disc_4.1.1/tidigits/train/woman/rr/12a.wav
tidigits/disc_4.1.1/tidigits/train/woman/rr/o562o63a.wav
tidigits/disc_4.1.1/tidigits/train/woman/rr/za.wav
tidigits/disc_4.1.1/tidigits/train/woman/rr/7785913a.wav
tidigits/disc_4.1.1/tidigits/train/woman/rr/9a.wav
tidigits/disc_4.1.1/tidigits/train/woman/rr/5a.wav
tidigits/disc_4.1.1/tidigits/train/woman/rr/9642a.wav
tidigits/disc_4.1.1/tidigits/train/woman/rr/z6515a.wav
tidigits/disc_4.1.1/tidigits/train/woman/rr/o5893a.wav
tidigits/disc_4.1.1/tidigits/train/woman/rr/4a.wav
tidigits/disc_4.1.1/tidigits/train/woman/rr/8468a.wav
tidigits/disc_4.1.1/tidigits/train/woman/rr/z9a.wav
tidigits/disc_4.1.1/tidigits/train/woman/rr/o3o2a.wav
tidigits/disc_4.1.1/tidigits/train/woman/rr/9616a.wav
tidigits/disc_4.1.1/tidigits/train/woman/rr/53a.wav
tidigits/disc_4.1.1/tidigits/train/woman/rr/439a.wav
tidigits/disc_4.1.1/tidigits/train/woman/rr/3239oa.wav
tidigits/disc_4.1.1/tidigits/train/woman/rr/5282252a.wav
tidigits/disc_4.1.1/tidigits/train/woman/rr/2za.wav
tidigits/disc_4.1.1/tidigits/train/woman/rr/28714a.wav
tidigits/disc_4.1.1/tidigits/train/woman/rr/13536a.wav
tidigits/disc_4.1.1/tidigits/train/woman/rr/3118a.wav
tidigits/disc_4.1.1/tidigits/train/woman/rr/7474298a.wav
tidigits/disc_4.1.1/tidigits/train/woman/rr/5b.wav
tidigits/disc_4.1.1/tidigits/train/woman/rr/79o62a.wav
tidigits/disc_4.1.1/tidigits/train/woman/rr/8844a.wav
tidigits/disc_4.1.1/tidigits/train/woman/rr/7a.wav
tidigits/disc_4.1.1/tidigits/train/woman/rr/8b.wav
tidigits/disc_4.1.1/tidigits/train/woman/rr/6zz3894a.wav
tidigits/disc_4.1.1/tidigits/train/woman/rr/264a.wav
tidigits/disc_4.1.1/tidigits/train/woman/rr/48a.wav
tidigits/disc_4.1.1/tidigits/train/woman/rr/55a.wav
tidigits/disc_4.1.1/tidigits/train/woman/rr/469a.wav
tidigits/disc_4.1.1/tidigits/train/woman/rr/o72a.wav
tidigits/disc_4.1.1/tidigits/train/woman/rr/2b.wav
tidigits/disc_4.1.1/tidigits/train/woman/rr/4z5zz26a.wav
tidigits/disc_4.1.1/tidigits/train/woman/rr/14a.wav
tidigits/disc_4.1.1/tidigits/train/woman/rr/675a.wav
tidigits/disc_4.1.1/tidigits/train/woman/rr/336za.wav
tidigits/disc_4.1.1/tidigits/train/woman/rr/979386oa.wav
tidigits/disc_4.1.1/tidigits/train/woman/rr/827o2a.wav
tidigits/disc_4.1.1/tidigits/train/woman/rr/8z7a.wav
tidigits/disc_4.1.1/tidigits/train/woman/rr/o92a.wav
tidigits/disc_4.1.1/tidigits/train/woman/rr/3zz2a.wav
tidigits/disc_4.1.1/tidigits/train/woman/rr/4z8a.wav
tidigits/disc_4.1.1/tidigits/train/woman/rr/572o8a.wav
tidigits/disc_4.1.1/tidigits/train/woman/rr/9b.wav
tidigits/disc_4.1.1/tidigits/train/woman/rr/3117a.wav
tidigits/disc_4.1.1/tidigits/train/woman/rr/ob.wav
tidigits/disc_4.1.1/tidigits/train/woman/rr/z49a.wav
tidigits/disc_4.1.1/tidigits/train/woman/rr/6b.wav
tidigits/disc_4.1.1/tidigits/train/woman/rr/7358a.wav
tidigits/disc_4.1.1/tidigits/train/woman/rr/3a.wav
tidigits/disc_4.1.1/tidigits/train/woman/ac/o6197o8a.wav
tidigits/disc_4.1.1/tidigits/train/woman/ac/92587a.wav
tidigits/disc_4.1.1/tidigits/train/woman/ac/4b.wav
tidigits/disc_4.1.1/tidigits/train/woman/ac/39za.wav
tidigits/disc_4.1.1/tidigits/train/woman/ac/7b.wav
tidigits/disc_4.1.1/tidigits/train/woman/ac/889922za.wav
tidigits/disc_4.1.1/tidigits/train/woman/ac/3b.wav
tidigits/disc_4.1.1/tidigits/train/woman/ac/6z88a.wav
tidigits/disc_4.1.1/tidigits/train/woman/ac/z12a.wav
tidigits/disc_4.1.1/tidigits/train/woman/ac/282a.wav
tidigits/disc_4.1.1/tidigits/train/woman/ac/635a.wav
tidigits/disc_4.1.1/tidigits/train/woman/ac/37o1641a.wav
tidigits/disc_4.1.1/tidigits/train/woman/ac/1a.wav
tidigits/disc_4.1.1/tidigits/train/woman/ac/1473533a.wav
tidigits/disc_4.1.1/tidigits/train/woman/ac/2a.wav
tidigits/disc_4.1.1/tidigits/train/woman/ac/oo736a.wav
tidigits/disc_4.1.1/tidigits/train/woman/ac/26555a.wav
tidigits/disc_4.1.1/tidigits/train/woman/ac/47a.wav
tidigits/disc_4.1.1/tidigits/train/woman/ac/1b.wav
tidigits/disc_4.1.1/tidigits/train/woman/ac/71a.wav
tidigits/disc_4.1.1/tidigits/train/woman/ac/8o4a.wav
tidigits/disc_4.1.1/tidigits/train/woman/ac/8a.wav
tidigits/disc_4.1.1/tidigits/train/woman/ac/13a.wav
tidigits/disc_4.1.1/tidigits/train/woman/ac/6a.wav
tidigits/disc_4.1.1/tidigits/train/woman/ac/z75a.wav
tidigits/disc_4.1.1/tidigits/train/woman/ac/32421a.wav
tidigits/disc_4.1.1/tidigits/train/woman/ac/o22o6ooa.wav
tidigits/disc_4.1.1/tidigits/train/woman/ac/zb.wav
tidigits/disc_4.1.1/tidigits/train/woman/ac/83966a.wav
tidigits/disc_4.1.1/tidigits/train/woman/ac/4876a.wav
tidigits/disc_4.1.1/tidigits/train/woman/ac/68a.wav
tidigits/disc_4.1.1/tidigits/train/woman/ac/6o46a.wav
tidigits/disc_4.1.1/tidigits/train/woman/ac/oa.wav
tidigits/disc_4.1.1/tidigits/train/woman/ac/98a.wav
tidigits/disc_4.1.1/tidigits/train/woman/ac/1o1a.wav
tidigits/disc_4.1.1/tidigits/train/woman/ac/za.wav
tidigits/disc_4.1.1/tidigits/train/woman/ac/9a.wav
tidigits/disc_4.1.1/tidigits/train/woman/ac/94ooa.wav
tidigits/disc_4.1.1/tidigits/train/woman/ac/5a.wav
tidigits/disc_4.1.1/tidigits/train/woman/ac/54a.wav
tidigits/disc_4.1.1/tidigits/train/woman/ac/4a.wav
tidigits/disc_4.1.1/tidigits/train/woman/ac/62793a.wav
tidigits/disc_4.1.1/tidigits/train/woman/ac/5821a.wav
tidigits/disc_4.1.1/tidigits/train/woman/ac/5z31zz4a.wav
tidigits/disc_4.1.1/tidigits/train/woman/ac/4915a.wav
tidigits/disc_4.1.1/tidigits/train/woman/ac/z849768a.wav
tidigits/disc_4.1.1/tidigits/train/woman/ac/43a.wav
tidigits/disc_4.1.1/tidigits/train/woman/ac/29a.wav
tidigits/disc_4.1.1/tidigits/train/woman/ac/z945a.wav
tidigits/disc_4.1.1/tidigits/train/woman/ac/964177oa.wav
tidigits/disc_4.1.1/tidigits/train/woman/ac/z1a.wav
tidigits/disc_4.1.1/tidigits/train/woman/ac/5z26za.wav
tidigits/disc_4.1.1/tidigits/train/woman/ac/5b.wav
tidigits/disc_4.1.1/tidigits/train/woman/ac/1911446a.wav
tidigits/disc_4.1.1/tidigits/train/woman/ac/951a.wav
tidigits/disc_4.1.1/tidigits/train/woman/ac/7a.wav
tidigits/disc_4.1.1/tidigits/train/woman/ac/8b.wav
tidigits/disc_4.1.1/tidigits/train/woman/ac/29oa.wav
tidigits/disc_4.1.1/tidigits/train/woman/ac/o952o99a.wav
tidigits/disc_4.1.1/tidigits/train/woman/ac/72a.wav
tidigits/disc_4.1.1/tidigits/train/woman/ac/7z57a.wav
tidigits/disc_4.1.1/tidigits/train/woman/ac/59z2a.wav
tidigits/disc_4.1.1/tidigits/train/woman/ac/24z52a.wav
tidigits/disc_4.1.1/tidigits/train/woman/ac/81a.wav
tidigits/disc_4.1.1/tidigits/train/woman/ac/2b.wav
tidigits/disc_4.1.1/tidigits/train/woman/ac/8z6983za.wav
tidigits/disc_4.1.1/tidigits/train/woman/ac/7932a.wav
tidigits/disc_4.1.1/tidigits/train/woman/ac/369o5a.wav
tidigits/disc_4.1.1/tidigits/train/woman/ac/o274a.wav
tidigits/disc_4.1.1/tidigits/train/woman/ac/9b.wav
tidigits/disc_4.1.1/tidigits/train/woman/ac/172a.wav
tidigits/disc_4.1.1/tidigits/train/woman/ac/ob.wav
tidigits/disc_4.1.1/tidigits/train/woman/ac/6b.wav
tidigits/disc_4.1.1/tidigits/train/woman/ac/7513za.wav
tidigits/disc_4.1.1/tidigits/train/woman/ac/33o31a.wav
tidigits/disc_4.1.1/tidigits/train/woman/ac/434a.wav
tidigits/disc_4.1.1/tidigits/train/woman/ac/3a.wav
tidigits/disc_4.1.1/tidigits/train/woman/ee/5716z25a.wav
tidigits/disc_4.1.1/tidigits/train/woman/ee/91za.wav
tidigits/disc_4.1.1/tidigits/train/woman/ee/4b.wav
tidigits/disc_4.1.1/tidigits/train/woman/ee/4za.wav
tidigits/disc_4.1.1/tidigits/train/woman/ee/7b.wav
tidigits/disc_4.1.1/tidigits/train/woman/ee/37a.wav
tidigits/disc_4.1.1/tidigits/train/woman/ee/65985a.wav
tidigits/disc_4.1.1/tidigits/train/woman/ee/3b.wav
tidigits/disc_4.1.1/tidigits/train/woman/ee/79a.wav
tidigits/disc_4.1.1/tidigits/train/woman/ee/28876a.wav
tidigits/disc_4.1.1/tidigits/train/woman/ee/z8229a.wav
tidigits/disc_4.1.1/tidigits/train/woman/ee/33a.wav
tidigits/disc_4.1.1/tidigits/train/woman/ee/49ooa.wav
tidigits/disc_4.1.1/tidigits/train/woman/ee/918zz32a.wav
tidigits/disc_4.1.1/tidigits/train/woman/ee/8z7z5a.wav
tidigits/disc_4.1.1/tidigits/train/woman/ee/81oa.wav
tidigits/disc_4.1.1/tidigits/train/woman/ee/1a.wav
tidigits/disc_4.1.1/tidigits/train/woman/ee/3344525a.wav
tidigits/disc_4.1.1/tidigits/train/woman/ee/2a.wav
tidigits/disc_4.1.1/tidigits/train/woman/ee/4417oa.wav
tidigits/disc_4.1.1/tidigits/train/woman/ee/o519a.wav
tidigits/disc_4.1.1/tidigits/train/woman/ee/1b.wav
tidigits/disc_4.1.1/tidigits/train/woman/ee/57593a.wav
tidigits/disc_4.1.1/tidigits/train/woman/ee/89a.wav
tidigits/disc_4.1.1/tidigits/train/woman/ee/8a.wav
tidigits/disc_4.1.1/tidigits/train/woman/ee/6a.wav
tidigits/disc_4.1.1/tidigits/train/woman/ee/21a.wav
tidigits/disc_4.1.1/tidigits/train/woman/ee/416a.wav
tidigits/disc_4.1.1/tidigits/train/woman/ee/zb.wav
tidigits/disc_4.1.1/tidigits/train/woman/ee/zz72za.wav
tidigits/disc_4.1.1/tidigits/train/woman/ee/185za.wav
tidigits/disc_4.1.1/tidigits/train/woman/ee/oa.wav
tidigits/disc_4.1.1/tidigits/train/woman/ee/z651966a.wav
tidigits/disc_4.1.1/tidigits/train/woman/ee/567a.wav
tidigits/disc_4.1.1/tidigits/train/woman/ee/za.wav
tidigits/disc_4.1.1/tidigits/train/woman/ee/953a.wav
tidigits/disc_4.1.1/tidigits/train/woman/ee/9a.wav
tidigits/disc_4.1.1/tidigits/train/woman/ee/z61a.wav
tidigits/disc_4.1.1/tidigits/train/woman/ee/5a.wav
tidigits/disc_4.1.1/tidigits/train/woman/ee/54a.wav
tidigits/disc_4.1.1/tidigits/train/woman/ee/7792a.wav
tidigits/disc_4.1.1/tidigits/train/woman/ee/4a.wav
tidigits/disc_4.1.1/tidigits/train/woman/ee/4645a.wav
tidigits/disc_4.1.1/tidigits/train/woman/ee/oo43262a.wav
tidigits/disc_4.1.1/tidigits/train/woman/ee/63za.wav
tidigits/disc_4.1.1/tidigits/train/woman/ee/8o8a.wav
tidigits/disc_4.1.1/tidigits/train/woman/ee/67689z1a.wav
tidigits/disc_4.1.1/tidigits/train/woman/ee/1538a.wav
tidigits/disc_4.1.1/tidigits/train/woman/ee/o13a.wav
tidigits/disc_4.1.1/tidigits/train/woman/ee/723o5a.wav
tidigits/disc_4.1.1/tidigits/train/woman/ee/7878384a.wav
tidigits/disc_4.1.1/tidigits/train/woman/ee/2o124a.wav
tidigits/disc_4.1.1/tidigits/train/woman/ee/8o747a.wav
tidigits/disc_4.1.1/tidigits/train/woman/ee/29a.wav
tidigits/disc_4.1.1/tidigits/train/woman/ee/6ooa.wav
tidigits/disc_4.1.1/tidigits/train/woman/ee/1114oa.wav
tidigits/disc_4.1.1/tidigits/train/woman/ee/5b.wav
tidigits/disc_4.1.1/tidigits/train/woman/ee/1z84a.wav
tidigits/disc_4.1.1/tidigits/train/woman/ee/7a.wav
tidigits/disc_4.1.1/tidigits/train/woman/ee/8b.wav
tidigits/disc_4.1.1/tidigits/train/woman/ee/34z3748a.wav
tidigits/disc_4.1.1/tidigits/train/woman/ee/2b.wav
tidigits/disc_4.1.1/tidigits/train/woman/ee/2z54z15a.wav
tidigits/disc_4.1.1/tidigits/train/woman/ee/o61oa.wav
tidigits/disc_4.1.1/tidigits/train/woman/ee/o2a.wav
tidigits/disc_4.1.1/tidigits/train/woman/ee/14a.wav
tidigits/disc_4.1.1/tidigits/train/woman/ee/6zzz982a.wav
tidigits/disc_4.1.1/tidigits/train/woman/ee/7355a.wav
tidigits/disc_4.1.1/tidigits/train/woman/ee/99o6a.wav
tidigits/disc_4.1.1/tidigits/train/woman/ee/9b.wav
tidigits/disc_4.1.1/tidigits/train/woman/ee/ob.wav
tidigits/disc_4.1.1/tidigits/train/woman/ee/39a.wav
tidigits/disc_4.1.1/tidigits/train/woman/ee/6b.wav
tidigits/disc_4.1.1/tidigits/train/woman/ee/5562886a.wav
tidigits/disc_4.1.1/tidigits/train/woman/ee/97z9a.wav
tidigits/disc_4.1.1/tidigits/train/woman/ee/z47a.wav
tidigits/disc_4.1.1/tidigits/train/woman/ee/3a.wav
tidigits/disc_4.1.1/tidigits/train/man/kr/559529oa.wav
tidigits/disc_4.1.1/tidigits/train/man/kr/4b.wav
tidigits/disc_4.1.1/tidigits/train/man/kr/83o5657a.wav
tidigits/disc_4.1.1/tidigits/train/man/kr/7b.wav
tidigits/disc_4.1.1/tidigits/train/man/kr/6351a.wav
tidigits/disc_4.1.1/tidigits/train/man/kr/394za.wav
tidigits/disc_4.1.1/tidigits/train/man/kr/3b.wav
tidigits/disc_4.1.1/tidigits/train/man/kr/o8a.wav
tidigits/disc_4.1.1/tidigits/train/man/kr/o4a.wav
tidigits/disc_4.1.1/tidigits/train/man/kr/7644469a.wav
tidigits/disc_4.1.1/tidigits/train/man/kr/17z7a.wav
tidigits/disc_4.1.1/tidigits/train/man/kr/7zz2745a.wav
tidigits/disc_4.1.1/tidigits/train/man/kr/2z9z4a.wav
tidigits/disc_4.1.1/tidigits/train/man/kr/6914oooa.wav
tidigits/disc_4.1.1/tidigits/train/man/kr/1a.wav
tidigits/disc_4.1.1/tidigits/train/man/kr/2a.wav
tidigits/disc_4.1.1/tidigits/train/man/kr/47a.wav
tidigits/disc_4.1.1/tidigits/train/man/kr/1b.wav
tidigits/disc_4.1.1/tidigits/train/man/kr/8a.wav
tidigits/disc_4.1.1/tidigits/train/man/kr/6a.wav
tidigits/disc_4.1.1/tidigits/train/man/kr/637a.wav
tidigits/disc_4.1.1/tidigits/train/man/kr/12oa.wav
tidigits/disc_4.1.1/tidigits/train/man/kr/zb.wav
tidigits/disc_4.1.1/tidigits/train/man/kr/243a.wav
tidigits/disc_4.1.1/tidigits/train/man/kr/36a.wav
tidigits/disc_4.1.1/tidigits/train/man/kr/oa.wav
tidigits/disc_4.1.1/tidigits/train/man/kr/3497a.wav
tidigits/disc_4.1.1/tidigits/train/man/kr/98a.wav
tidigits/disc_4.1.1/tidigits/train/man/kr/z88a.wav
tidigits/disc_4.1.1/tidigits/train/man/kr/za.wav
tidigits/disc_4.1.1/tidigits/train/man/kr/9a.wav
tidigits/disc_4.1.1/tidigits/train/man/kr/o36a.wav
tidigits/disc_4.1.1/tidigits/train/man/kr/5a.wav
tidigits/disc_4.1.1/tidigits/train/man/kr/4264833a.wav
tidigits/disc_4.1.1/tidigits/train/man/kr/4a.wav
tidigits/disc_4.1.1/tidigits/train/man/kr/11z3867a.wav
tidigits/disc_4.1.1/tidigits/train/man/kr/911oa.wav
tidigits/disc_4.1.1/tidigits/train/man/kr/o31o6a.wav
tidigits/disc_4.1.1/tidigits/train/man/kr/z9a.wav
tidigits/disc_4.1.1/tidigits/train/man/kr/852z1a.wav
tidigits/disc_4.1.1/tidigits/train/man/kr/41a.wav
tidigits/disc_4.1.1/tidigits/train/man/kr/24162a.wav
tidigits/disc_4.1.1/tidigits/train/man/kr/78a.wav
tidigits/disc_4.1.1/tidigits/train/man/kr/3z59482a.wav
tidigits/disc_4.1.1/tidigits/train/man/kr/97oa.wav
tidigits/disc_4.1.1/tidigits/train/man/kr/z399a.wav
tidigits/disc_4.1.1/tidigits/train/man/kr/oo438a.wav
tidigits/disc_4.1.1/tidigits/train/man/kr/8287a.wav
tidigits/disc_4.1.1/tidigits/train/man/kr/26z4z75a.wav
tidigits/disc_4.1.1/tidigits/train/man/kr/zza.wav
tidigits/disc_4.1.1/tidigits/train/man/kr/5712a.wav
tidigits/disc_4.1.1/tidigits/train/man/kr/5b.wav
tidigits/disc_4.1.1/tidigits/train/man/kr/54za.wav
tidigits/disc_4.1.1/tidigits/train/man/kr/6586a.wav
tidigits/disc_4.1.1/tidigits/train/man/kr/7a.wav
tidigits/disc_4.1.1/tidigits/train/man/kr/8b.wav
tidigits/disc_4.1.1/tidigits/train/man/kr/2518893a.wav
tidigits/disc_4.1.1/tidigits/train/man/kr/z8425a.wav
tidigits/disc_4.1.1/tidigits/train/man/kr/968o9a.wav
tidigits/disc_4.1.1/tidigits/train/man/kr/476a.wav
tidigits/disc_4.1.1/tidigits/train/man/kr/2b.wav
tidigits/disc_4.1.1/tidigits/train/man/kr/8oa.wav
tidigits/disc_4.1.1/tidigits/train/man/kr/46131a.wav
tidigits/disc_4.1.1/tidigits/train/man/kr/72218z6a.wav
tidigits/disc_4.1.1/tidigits/train/man/kr/14a.wav
tidigits/disc_4.1.1/tidigits/train/man/kr/675a.wav
tidigits/disc_4.1.1/tidigits/train/man/kr/1ooa.wav
tidigits/disc_4.1.1/tidigits/train/man/kr/845a.wav
tidigits/disc_4.1.1/tidigits/train/man/kr/5o78a.wav
tidigits/disc_4.1.1/tidigits/train/man/kr/9b.wav
tidigits/disc_4.1.1/tidigits/train/man/kr/ob.wav
tidigits/disc_4.1.1/tidigits/train/man/kr/6b.wav
tidigits/disc_4.1.1/tidigits/train/man/kr/55879a.wav
tidigits/disc_4.1.1/tidigits/train/man/kr/32819a.wav
tidigits/disc_4.1.1/tidigits/train/man/kr/96z16a.wav
tidigits/disc_4.1.1/tidigits/train/man/kr/7372a.wav
tidigits/disc_4.1.1/tidigits/train/man/kr/3a.wav
tidigits/disc_4.1.1/tidigits/train/man/sj/8592o2oa.wav
tidigits/disc_4.1.1/tidigits/train/man/sj/4b.wav
tidigits/disc_4.1.1/tidigits/train/man/sj/7b.wav
tidigits/disc_4.1.1/tidigits/train/man/sj/z38a.wav
tidigits/disc_4.1.1/tidigits/train/man/sj/14o1a.wav
tidigits/disc_4.1.1/tidigits/train/man/sj/3b.wav
tidigits/disc_4.1.1/tidigits/train/man/sj/3728271a.wav
tidigits/disc_4.1.1/tidigits/train/man/sj/z4a.wav
tidigits/disc_4.1.1/tidigits/train/man/sj/94zz6a.wav
tidigits/disc_4.1.1/tidigits/train/man/sj/772a.wav
tidigits/disc_4.1.1/tidigits/train/man/sj/763o57oa.wav
tidigits/disc_4.1.1/tidigits/train/man/sj/1a.wav
tidigits/disc_4.1.1/tidigits/train/man/sj/2a.wav
tidigits/disc_4.1.1/tidigits/train/man/sj/529a.wav
tidigits/disc_4.1.1/tidigits/train/man/sj/1b.wav
tidigits/disc_4.1.1/tidigits/train/man/sj/16a.wav
tidigits/disc_4.1.1/tidigits/train/man/sj/91866a.wav
tidigits/disc_4.1.1/tidigits/train/man/sj/19a.wav
tidigits/disc_4.1.1/tidigits/train/man/sj/8a.wav
tidigits/disc_4.1.1/tidigits/train/man/sj/6a.wav
tidigits/disc_4.1.1/tidigits/train/man/sj/349a.wav
tidigits/disc_4.1.1/tidigits/train/man/sj/6o842a.wav
tidigits/disc_4.1.1/tidigits/train/man/sj/561a.wav
tidigits/disc_4.1.1/tidigits/train/man/sj/zb.wav
tidigits/disc_4.1.1/tidigits/train/man/sj/249a.wav
tidigits/disc_4.1.1/tidigits/train/man/sj/422z779a.wav
tidigits/disc_4.1.1/tidigits/train/man/sj/oa.wav
tidigits/disc_4.1.1/tidigits/train/man/sj/531za.wav
tidigits/disc_4.1.1/tidigits/train/man/sj/441a.wav
tidigits/disc_4.1.1/tidigits/train/man/sj/7o97132a.wav
tidigits/disc_4.1.1/tidigits/train/man/sj/za.wav
tidigits/disc_4.1.1/tidigits/train/man/sj/9a.wav
tidigits/disc_4.1.1/tidigits/train/man/sj/5a.wav
tidigits/disc_4.1.1/tidigits/train/man/sj/63a.wav
tidigits/disc_4.1.1/tidigits/train/man/sj/21o36a.wav
tidigits/disc_4.1.1/tidigits/train/man/sj/o524a.wav
tidigits/disc_4.1.1/tidigits/train/man/sj/48b.wav
tidigits/disc_4.1.1/tidigits/train/man/sj/4a.wav
tidigits/disc_4.1.1/tidigits/train/man/sj/o645a.wav
tidigits/disc_4.1.1/tidigits/train/man/sj/z5a.wav
tidigits/disc_4.1.1/tidigits/train/man/sj/7986a.wav
tidigits/disc_4.1.1/tidigits/train/man/sj/22578a.wav
tidigits/disc_4.1.1/tidigits/train/man/sj/981883za.wav
tidigits/disc_4.1.1/tidigits/train/man/sj/3za.wav
tidigits/disc_4.1.1/tidigits/train/man/sj/5zz2a.wav
tidigits/disc_4.1.1/tidigits/train/man/sj/87375a.wav
tidigits/disc_4.1.1/tidigits/train/man/sj/6o7a.wav
tidigits/disc_4.1.1/tidigits/train/man/sj/5b.wav
tidigits/disc_4.1.1/tidigits/train/man/sj/1588oa.wav
tidigits/disc_4.1.1/tidigits/train/man/sj/625za.wav
tidigits/disc_4.1.1/tidigits/train/man/sj/33992a.wav
tidigits/disc_4.1.1/tidigits/train/man/sj/93a.wav
tidigits/disc_4.1.1/tidigits/train/man/sj/4oo4367a.wav
tidigits/disc_4.1.1/tidigits/train/man/sj/z17a.wav
tidigits/disc_4.1.1/tidigits/train/man/sj/76561z9a.wav
tidigits/disc_4.1.1/tidigits/train/man/sj/7a.wav
tidigits/disc_4.1.1/tidigits/train/man/sj/8b.wav
tidigits/disc_4.1.1/tidigits/train/man/sj/zz782a.wav
tidigits/disc_4.1.1/tidigits/train/man/sj/2oo3946a.wav
tidigits/disc_4.1.1/tidigits/train/man/sj/8oo9a.wav
tidigits/disc_4.1.1/tidigits/train/man/sj/48a.wav
tidigits/disc_4.1.1/tidigits/train/man/sj/6z3za.wav
tidigits/disc_4.1.1/tidigits/train/man/sj/o173519a.wav
tidigits/disc_4.1.1/tidigits/train/man/sj/89z9a.wav
tidigits/disc_4.1.1/tidigits/train/man/sj/2353327a.wav
tidigits/disc_4.1.1/tidigits/train/man/sj/2b.wav
tidigits/disc_4.1.1/tidigits/train/man/sj/o85oa.wav
tidigits/disc_4.1.1/tidigits/train/man/sj/9o683a.wav
tidigits/disc_4.1.1/tidigits/train/man/sj/38116a.wav
tidigits/disc_4.1.1/tidigits/train/man/sj/ooa.wav
tidigits/disc_4.1.1/tidigits/train/man/sj/8z2a.wav
tidigits/disc_4.1.1/tidigits/train/man/sj/9b.wav
tidigits/disc_4.1.1/tidigits/train/man/sj/1oa.wav
tidigits/disc_4.1.1/tidigits/train/man/sj/ob.wav
tidigits/disc_4.1.1/tidigits/train/man/sj/6b.wav
tidigits/disc_4.1.1/tidigits/train/man/sj/551a.wav
tidigits/disc_4.1.1/tidigits/train/man/sj/3a.wav
tidigits/disc_4.1.1/tidigits/train/man/aw/6o63263a.wav
tidigits/disc_4.1.1/tidigits/train/man/aw/9z6a.wav
tidigits/disc_4.1.1/tidigits/train/man/aw/4b.wav
tidigits/disc_4.1.1/tidigits/train/man/aw/8z8a.wav
tidigits/disc_4.1.1/tidigits/train/man/aw/7b.wav
tidigits/disc_4.1.1/tidigits/train/man/aw/2z3z5a.wav
tidigits/disc_4.1.1/tidigits/train/man/aw/3966a.wav
tidigits/disc_4.1.1/tidigits/train/man/aw/3b.wav
tidigits/disc_4.1.1/tidigits/train/man/aw/33a.wav
tidigits/disc_4.1.1/tidigits/train/man/aw/199oa.wav
tidigits/disc_4.1.1/tidigits/train/man/aw/6777586a.wav
tidigits/disc_4.1.1/tidigits/train/man/aw/1a.wav
tidigits/disc_4.1.1/tidigits/train/man/aw/2a.wav
tidigits/disc_4.1.1/tidigits/train/man/aw/1b.wav
tidigits/disc_4.1.1/tidigits/train/man/aw/16a.wav
tidigits/disc_4.1.1/tidigits/train/man/aw/56a.wav
tidigits/disc_4.1.1/tidigits/train/man/aw/8a.wav
tidigits/disc_4.1.1/tidigits/train/man/aw/1za.wav
tidigits/disc_4.1.1/tidigits/train/man/aw/6a.wav
tidigits/disc_4.1.1/tidigits/train/man/aw/93971a.wav
tidigits/disc_4.1.1/tidigits/train/man/aw/728a.wav
tidigits/disc_4.1.1/tidigits/train/man/aw/11z9a.wav
tidigits/disc_4.1.1/tidigits/train/man/aw/943za.wav
tidigits/disc_4.1.1/tidigits/train/man/aw/5zza.wav
tidigits/disc_4.1.1/tidigits/train/man/aw/zb.wav
tidigits/disc_4.1.1/tidigits/train/man/aw/oo753a.wav
tidigits/disc_4.1.1/tidigits/train/man/aw/82a.wav
tidigits/disc_4.1.1/tidigits/train/man/aw/oa.wav
tidigits/disc_4.1.1/tidigits/train/man/aw/zz36534a.wav
tidigits/disc_4.1.1/tidigits/train/man/aw/o1434a.wav
tidigits/disc_4.1.1/tidigits/train/man/aw/251a.wav
tidigits/disc_4.1.1/tidigits/train/man/aw/za.wav
tidigits/disc_4.1.1/tidigits/train/man/aw/9a.wav
tidigits/disc_4.1.1/tidigits/train/man/aw/o32ooa.wav
tidigits/disc_4.1.1/tidigits/train/man/aw/5a.wav
tidigits/disc_4.1.1/tidigits/train/man/aw/86o7a.wav
tidigits/disc_4.1.1/tidigits/train/man/aw/zz16z55a.wav
tidigits/disc_4.1.1/tidigits/train/man/aw/4a.wav
tidigits/disc_4.1.1/tidigits/train/man/aw/o46o183a.wav
tidigits/disc_4.1.1/tidigits/train/man/aw/413oa.wav
tidigits/disc_4.1.1/tidigits/train/man/aw/o665o99a.wav
tidigits/disc_4.1.1/tidigits/train/man/aw/2242a.wav
tidigits/disc_4.1.1/tidigits/train/man/aw/74a.wav
tidigits/disc_4.1.1/tidigits/train/man/aw/z78z1a.wav
tidigits/disc_4.1.1/tidigits/train/man/aw/3855a.wav
tidigits/disc_4.1.1/tidigits/train/man/aw/648ooa.wav
tidigits/disc_4.1.1/tidigits/train/man/aw/884o2o5a.wav
tidigits/disc_4.1.1/tidigits/train/man/aw/159a.wav
tidigits/disc_4.1.1/tidigits/train/man/aw/468a.wav
tidigits/disc_4.1.1/tidigits/train/man/aw/33b.wav
tidigits/disc_4.1.1/tidigits/train/man/aw/97za.wav
tidigits/disc_4.1.1/tidigits/train/man/aw/5b.wav
tidigits/disc_4.1.1/tidigits/train/man/aw/59523a.wav
tidigits/disc_4.1.1/tidigits/train/man/aw/31242a.wav
tidigits/disc_4.1.1/tidigits/train/man/aw/z818a.wav
tidigits/disc_4.1.1/tidigits/train/man/aw/7a.wav
tidigits/disc_4.1.1/tidigits/train/man/aw/8b.wav
tidigits/disc_4.1.1/tidigits/train/man/aw/931a.wav
tidigits/disc_4.1.1/tidigits/train/man/aw/74737a.wav
tidigits/disc_4.1.1/tidigits/train/man/aw/2568z23a.wav
tidigits/disc_4.1.1/tidigits/train/man/aw/498a.wav
tidigits/disc_4.1.1/tidigits/train/man/aw/61o35a.wav
tidigits/disc_4.1.1/tidigits/train/man/aw/2b.wav
tidigits/disc_4.1.1/tidigits/train/man/aw/449za.wav
tidigits/disc_4.1.1/tidigits/train/man/aw/7844a.wav
tidigits/disc_4.1.1/tidigits/train/man/aw/4898587a.wav
tidigits/disc_4.1.1/tidigits/train/man/aw/5ooa.wav
tidigits/disc_4.1.1/tidigits/train/man/aw/7z28213a.wav
tidigits/disc_4.1.1/tidigits/train/man/aw/5za.wav
tidigits/disc_4.1.1/tidigits/train/man/aw/9b.wav
tidigits/disc_4.1.1/tidigits/train/man/aw/87a.wav
tidigits/disc_4.1.1/tidigits/train/man/aw/ob.wav
tidigits/disc_4.1.1/tidigits/train/man/aw/z4151z4a.wav
tidigits/disc_4.1.1/tidigits/train/man/aw/6b.wav
tidigits/disc_4.1.1/tidigits/train/man/aw/2oa.wav
tidigits/disc_4.1.1/tidigits/train/man/aw/62a.wav
tidigits/disc_4.1.1/tidigits/train/man/aw/3a.wav
tidigits/disc_4.1.1/tidigits/train/man/ha/z2z4923a.wav
tidigits/disc_4.1.1/tidigits/train/man/ha/4b.wav
tidigits/disc_4.1.1/tidigits/train/man/ha/9o131o6a.wav
tidigits/disc_4.1.1/tidigits/train/man/ha/75286a.wav
tidigits/disc_4.1.1/tidigits/train/man/ha/7b.wav
tidigits/disc_4.1.1/tidigits/train/man/ha/557a.wav
tidigits/disc_4.1.1/tidigits/train/man/ha/3375978a.wav
tidigits/disc_4.1.1/tidigits/train/man/ha/3b.wav
tidigits/disc_4.1.1/tidigits/train/man/ha/81653a.wav
tidigits/disc_4.1.1/tidigits/train/man/ha/6832a.wav
tidigits/disc_4.1.1/tidigits/train/man/ha/266a.wav
tidigits/disc_4.1.1/tidigits/train/man/ha/57a.wav
tidigits/disc_4.1.1/tidigits/train/man/ha/635a.wav
tidigits/disc_4.1.1/tidigits/train/man/ha/92a.wav
tidigits/disc_4.1.1/tidigits/train/man/ha/1a.wav
tidigits/disc_4.1.1/tidigits/train/man/ha/2a.wav
tidigits/disc_4.1.1/tidigits/train/man/ha/1b.wav
tidigits/disc_4.1.1/tidigits/train/man/ha/8o4a.wav
tidigits/disc_4.1.1/tidigits/train/man/ha/19a.wav
tidigits/disc_4.1.1/tidigits/train/man/ha/11a.wav
tidigits/disc_4.1.1/tidigits/train/man/ha/8a.wav
tidigits/disc_4.1.1/tidigits/train/man/ha/737ooa.wav
tidigits/disc_4.1.1/tidigits/train/man/ha/13a.wav
tidigits/disc_4.1.1/tidigits/train/man/ha/6a.wav
tidigits/disc_4.1.1/tidigits/train/man/ha/21a.wav
tidigits/disc_4.1.1/tidigits/train/man/ha/12696o5a.wav
tidigits/disc_4.1.1/tidigits/train/man/ha/3z8a.wav
tidigits/disc_4.1.1/tidigits/train/man/ha/zb.wav
tidigits/disc_4.1.1/tidigits/train/man/ha/3984a.wav
tidigits/disc_4.1.1/tidigits/train/man/ha/oa.wav
tidigits/disc_4.1.1/tidigits/train/man/ha/o31a.wav
tidigits/disc_4.1.1/tidigits/train/man/ha/zz38z79a.wav
tidigits/disc_4.1.1/tidigits/train/man/ha/za.wav
tidigits/disc_4.1.1/tidigits/train/man/ha/9a.wav
tidigits/disc_4.1.1/tidigits/train/man/ha/673a.wav
tidigits/disc_4.1.1/tidigits/train/man/ha/6o779a.wav
tidigits/disc_4.1.1/tidigits/train/man/ha/5a.wav
tidigits/disc_4.1.1/tidigits/train/man/ha/4a.wav
tidigits/disc_4.1.1/tidigits/train/man/ha/5821a.wav
tidigits/disc_4.1.1/tidigits/train/man/ha/76z6195a.wav
tidigits/disc_4.1.1/tidigits/train/man/ha/46a.wav
tidigits/disc_4.1.1/tidigits/train/man/ha/825z174a.wav
tidigits/disc_4.1.1/tidigits/train/man/ha/9124a.wav
tidigits/disc_4.1.1/tidigits/train/man/ha/11b.wav
tidigits/disc_4.1.1/tidigits/train/man/ha/71517a.wav
tidigits/disc_4.1.1/tidigits/train/man/ha/872z9a.wav
tidigits/disc_4.1.1/tidigits/train/man/ha/96z7a.wav
tidigits/disc_4.1.1/tidigits/train/man/ha/z568a.wav
tidigits/disc_4.1.1/tidigits/train/man/ha/24189a.wav
tidigits/disc_4.1.1/tidigits/train/man/ha/z54a.wav
tidigits/disc_4.1.1/tidigits/train/man/ha/7z163a.wav
tidigits/disc_4.1.1/tidigits/train/man/ha/5b.wav
tidigits/disc_4.1.1/tidigits/train/man/ha/422o8o9a.wav
tidigits/disc_4.1.1/tidigits/train/man/ha/47o9a.wav
tidigits/disc_4.1.1/tidigits/train/man/ha/zz8a.wav
tidigits/disc_4.1.1/tidigits/train/man/ha/7a.wav
tidigits/disc_4.1.1/tidigits/train/man/ha/8b.wav
tidigits/disc_4.1.1/tidigits/train/man/ha/94542a.wav
tidigits/disc_4.1.1/tidigits/train/man/ha/o5a.wav
tidigits/disc_4.1.1/tidigits/train/man/ha/44z9a.wav
tidigits/disc_4.1.1/tidigits/train/man/ha/2b.wav
tidigits/disc_4.1.1/tidigits/train/man/ha/67814a.wav
tidigits/disc_4.1.1/tidigits/train/man/ha/5o862a.wav
tidigits/disc_4.1.1/tidigits/train/man/ha/o61oa.wav
tidigits/disc_4.1.1/tidigits/train/man/ha/8565a.wav
tidigits/disc_4.1.1/tidigits/train/man/ha/o364629a.wav
tidigits/disc_4.1.1/tidigits/train/man/ha/ooa.wav
tidigits/disc_4.1.1/tidigits/train/man/ha/3oa.wav
tidigits/disc_4.1.1/tidigits/train/man/ha/9b.wav
tidigits/disc_4.1.1/tidigits/train/man/ha/27183z3a.wav
tidigits/disc_4.1.1/tidigits/train/man/ha/3844zz4a.wav
tidigits/disc_4.1.1/tidigits/train/man/ha/ob.wav
tidigits/disc_4.1.1/tidigits/train/man/ha/4859a.wav
tidigits/disc_4.1.1/tidigits/train/man/ha/6b.wav
tidigits/disc_4.1.1/tidigits/train/man/ha/298a.wav
tidigits/disc_4.1.1/tidigits/train/man/ha/551a.wav
tidigits/disc_4.1.1/tidigits/train/man/ha/3a.wav
tidigits/disc_4.1.1/tidigits/train/man/fl/o73o7o5a.wav
tidigits/disc_4.1.1/tidigits/train/man/fl/4b.wav
tidigits/disc_4.1.1/tidigits/train/man/fl/1zzz8a.wav
tidigits/disc_4.1.1/tidigits/train/man/fl/7b.wav
tidigits/disc_4.1.1/tidigits/train/man/fl/8387141a.wav
tidigits/disc_4.1.1/tidigits/train/man/fl/44916a.wav
tidigits/disc_4.1.1/tidigits/train/man/fl/3b.wav
tidigits/disc_4.1.1/tidigits/train/man/fl/7o156a.wav
tidigits/disc_4.1.1/tidigits/train/man/fl/z3z7972a.wav
tidigits/disc_4.1.1/tidigits/train/man/fl/8981a.wav
tidigits/disc_4.1.1/tidigits/train/man/fl/1a.wav
tidigits/disc_4.1.1/tidigits/train/man/fl/2a.wav
tidigits/disc_4.1.1/tidigits/train/man/fl/78z4za.wav
tidigits/disc_4.1.1/tidigits/train/man/fl/1b.wav
tidigits/disc_4.1.1/tidigits/train/man/fl/8a.wav
tidigits/disc_4.1.1/tidigits/train/man/fl/6a.wav
tidigits/disc_4.1.1/tidigits/train/man/fl/zb.wav
tidigits/disc_4.1.1/tidigits/train/man/fl/9z1a.wav
tidigits/disc_4.1.1/tidigits/train/man/fl/oa.wav
tidigits/disc_4.1.1/tidigits/train/man/fl/o9a.wav
tidigits/disc_4.1.1/tidigits/train/man/fl/163a.wav
tidigits/disc_4.1.1/tidigits/train/man/fl/za.wav
tidigits/disc_4.1.1/tidigits/train/man/fl/9a.wav
tidigits/disc_4.1.1/tidigits/train/man/fl/o5o9a.wav
tidigits/disc_4.1.1/tidigits/train/man/fl/5964498a.wav
tidigits/disc_4.1.1/tidigits/train/man/fl/5a.wav
tidigits/disc_4.1.1/tidigits/train/man/fl/3z278a.wav
tidigits/disc_4.1.1/tidigits/train/man/fl/946a.wav
tidigits/disc_4.1.1/tidigits/train/man/fl/33465a.wav
tidigits/disc_4.1.1/tidigits/train/man/fl/4a.wav
tidigits/disc_4.1.1/tidigits/train/man/fl/o87626oa.wav
tidigits/disc_4.1.1/tidigits/train/man/fl/82579a.wav
tidigits/disc_4.1.1/tidigits/train/man/fl/48568o4a.wav
tidigits/disc_4.1.1/tidigits/train/man/fl/z5a.wav
tidigits/disc_4.1.1/tidigits/train/man/fl/693a.wav
tidigits/disc_4.1.1/tidigits/train/man/fl/zz21a.wav
tidigits/disc_4.1.1/tidigits/train/man/fl/4753551a.wav
tidigits/disc_4.1.1/tidigits/train/man/fl/z7a.wav
tidigits/disc_4.1.1/tidigits/train/man/fl/53394ooa.wav
tidigits/disc_4.1.1/tidigits/train/man/fl/29a.wav
tidigits/disc_4.1.1/tidigits/train/man/fl/6142a.wav
tidigits/disc_4.1.1/tidigits/train/man/fl/5b.wav
tidigits/disc_4.1.1/tidigits/train/man/fl/9oa.wav
tidigits/disc_4.1.1/tidigits/train/man/fl/5417a.wav
tidigits/disc_4.1.1/tidigits/train/man/fl/276a.wav
tidigits/disc_4.1.1/tidigits/train/man/fl/66897a.wav
tidigits/disc_4.1.1/tidigits/train/man/fl/318a.wav
tidigits/disc_4.1.1/tidigits/train/man/fl/255z5a.wav
tidigits/disc_4.1.1/tidigits/train/man/fl/7a.wav
tidigits/disc_4.1.1/tidigits/train/man/fl/8b.wav
tidigits/disc_4.1.1/tidigits/train/man/fl/735a.wav
tidigits/disc_4.1.1/tidigits/train/man/fl/4367a.wav
tidigits/disc_4.1.1/tidigits/train/man/fl/8437a.wav
tidigits/disc_4.1.1/tidigits/train/man/fl/521a.wav
tidigits/disc_4.1.1/tidigits/train/man/fl/2b.wav
tidigits/disc_4.1.1/tidigits/train/man/fl/77z6224a.wav
tidigits/disc_4.1.1/tidigits/train/man/fl/3747a.wav
tidigits/disc_4.1.1/tidigits/train/man/fl/115a.wav
tidigits/disc_4.1.1/tidigits/train/man/fl/95a.wav
tidigits/disc_4.1.1/tidigits/train/man/fl/z699a.wav
tidigits/disc_4.1.1/tidigits/train/man/fl/2oo2o34a.wav
tidigits/disc_4.1.1/tidigits/train/man/fl/613a.wav
tidigits/disc_4.1.1/tidigits/train/man/fl/22o8452a.wav
tidigits/disc_4.1.1/tidigits/train/man/fl/1ooa.wav
tidigits/disc_4.1.1/tidigits/train/man/fl/17a.wav
tidigits/disc_4.1.1/tidigits/train/man/fl/9za.wav
tidigits/disc_4.1.1/tidigits/train/man/fl/o2366a.wav
tidigits/disc_4.1.1/tidigits/train/man/fl/75o32a.wav
tidigits/disc_4.1.1/tidigits/train/man/fl/9b.wav
tidigits/disc_4.1.1/tidigits/train/man/fl/ob.wav
tidigits/disc_4.1.1/tidigits/train/man/fl/39a.wav
tidigits/disc_4.1.1/tidigits/train/man/fl/6b.wav
tidigits/disc_4.1.1/tidigits/train/man/fl/6z32a.wav
tidigits/disc_4.1.1/tidigits/train/man/fl/58a.wav
tidigits/disc_4.1.1/tidigits/train/man/fl/86a.wav
tidigits/disc_4.1.1/tidigits/train/man/fl/3a.wav
tidigits/disc_4.1.1/tidigits/train/man/fl/4z96a.wav
